C:\amsrc\rmtry\doc\status.txt

===========================================================
.[]GREEN, READY FOR GUI
===========================================================
.[]cs ruby call rspc cmd also ok on win; 

C:\amsrc\rmtry>
C:\amsrc\rmtry>
C:\amsrc\rmtry>
C:\amsrc\rmtry>
C:\amsrc\rmtry>
C:\amsrc\rmtry>C:\Users\amoroney\amApps\lang\ruby\RailsInstaller\Ruby1.9.3\bin
/rspec  --format doc

Cart
  Context: There is a Store associated with this Cart to check products.
    #add Raises error if add a new item without any arguments, ie no Id.
    #count is 1 for one element.
    #count is 2 for two elements.
    #clear Resets a populated cart back to empty.
    #report Describes contents of one item as a string.
    #report Describes its contents of two items as a string.
    #report Describes an empty cart as having no elements.

Store
  #ConvertDollarsToPennies Rounds up.
  #Find_Product Returns true upon searching a product that is in the store.
  #Find_Product Returns false upon searching a product that is not in the store.
  #Find_Product Returns false upon searching for an invalid product.
  #Add_Product Raises error if duplicate product is entered.
  #Add_Product Raises error if discount quantity but not price is entered.
  #Add_Product Raises error if add a new item without any arguments, ie no Id.
  #Add_Product Raises error if add a new item without both Id and Price.
  #count is 1 for one element.
  #count is 2 for two elements.
  #clear Resets a populated store back to empty.
  #report Describes its contents as a string.
  #report Describes an empty store as having no elements.
  #Price_in_pennies: Raises error if price-check an empty store.
  #Price_in_pennies: Raises error if price-check an item not in the store.
  #Price_in_pennies: Returns the price in pennies for quantity of one.
  #Price_in_pennies: Returns the non-discounted price in pennies when there is no discount volume quantity.
  #Price_in_pennies: Returns the discounted total price in pennies for purchase size exactly equal to the discount volume quantity.
  #Price_in_pennies: Returns the minimally discounted total price in pennies for purchase size larger than the discount volume quantity.
  FUTURE Possible Refactorings.
    Products Map Uses symbols instead of strings as hash keys. (PENDING: cf Ruby Design rules; https:\/\/github.com\/styleguide\/ruby)

Terminal/Shopping/
  Says Hello to the (Admin) user upon instantiation.
  Does Not accept a redefined $stdin nor $stdout.
  TBA
    asks for product pricelist. (PENDING: Not yet implemented)
    allows entry of product-id, price (PENDING: Not yet implemented)
    allows entry of product-id, price, qualifying quantity, and discounted price (PENDING: Not yet implemented)
    verifies item added to a cart is in the store. (PENDING: (first dependency))

Pending:
  Store FUTURE Possible Refactorings. Products Map Uses symbols instead of strings as hash keys.
    # cf Ruby Design rules; https:\/\/github.com\/styleguide\/ruby
    # ./spec/lib/store_spec.rb:110
  Terminal/Shopping/ TBA asks for product pricelist.
    # Not yet implemented
    # ./spec/lib/terminal_spec.rb:20
  Terminal/Shopping/ TBA allows entry of product-id, price
    # Not yet implemented
    # ./spec/lib/terminal_spec.rb:22
  Terminal/Shopping/ TBA allows entry of product-id, price, qualifying quantity, and discounted price
    # Not yet implemented
    # ./spec/lib/terminal_spec.rb:24
  Terminal/Shopping/ TBA verifies item added to a cart is in the store.
    # (first dependency)
    # ./spec/lib/terminal_spec.rb:26

Finished in 0.20314 seconds
33 examples, 0 failures, 5 pending
===========================================================
.[]plain is also ok with regular simple rspc cmd on win; 

C:\amsrc\rmtry>rspec
..........................*..****

Pending:
  Store FUTURE Possible Refactorings. Products Map Uses symbols instead of strings as hash keys.
    # cf Ruby Design rules; https:\/\/github.com\/styleguide\/ruby
    # ./spec/lib/store_spec.rb:110
  Terminal/Shopping/ TBA asks for product pricelist.
    # Not yet implemented
    # ./spec/lib/terminal_spec.rb:20
  Terminal/Shopping/ TBA allows entry of product-id, price
    # Not yet implemented
    # ./spec/lib/terminal_spec.rb:22
  Terminal/Shopping/ TBA allows entry of product-id, price, qualifying quantity, and discounted price
    # Not yet implemented
    # ./spec/lib/terminal_spec.rb:24
  Terminal/Shopping/ TBA verifies item added to a cart is in the store.
    # (first dependency)
    # ./spec/lib/terminal_spec.rb:26

Finished in 0.06251 seconds
33 examples, 0 failures, 5 pending

C:\amsrc\rmtry>
===========================================================
.[]fro mrubymine; BUG, can only do the std way, so this does not show doc right now.

Testing started at 12:12 PM ...

Pending: Temporarily disabled with xit

Pending: Not implementing this to make an example.

Pending: Language deficit, until: Be able to pass Block to a Regex, not just an Object, eg ; expect{"aaabbb"}.to match(/ab/)

Pending: Read up on the actual code to sort this out.

Pending: On windows, chk commandline and/or path and/or the raw code.
0{:id=>"a", :price=>100, :numberForBatchDiscount=>0, :batchPrice=>0}
Pending: refactor this prior code to make nice examples
C:/amsrc/rmtry/specLibD, [2014-01-15T12:12:58.319579 #4752] DEBUG -- : initialize=  //Logging Test.

Pending: Not yet implemented

Pending: Not yet implemented

27 examples, 0 failures, 19 passed, 8 pending

Finished in 0.130727 seconds

Process finished with exit code 0

===========================================================
.[]SKIPPED SOME
===========================================================
.[]
====================================================
.[]"Grn. Ready to add front end, ie admin enter products."
2014-01-09Thu.21:33:34

Annes-MacBook-Pro:rmtry amoroney$ pwd
/Users/amoroney/src/rmtry
Annes-MacBook-Pro:rmtry amoroney$ rspec --format documentation

Cart
  #Using the Store, Buy items - Features:
    #add Raises error if add a new item without any arguments, ie no Id.
    #Add Raises an error if add a product that is not in the store. (PENDING: Not yet implemented)
    #count is 1 for one element.
    #count is 2 for two elements.
    #clear Resets a populated cart back to empty.
    #report Describes contents of one item as a string.
    #report Describes its contents of two items as a string.
    #report Describes an empty cart as having no elements.

Store
  #Find_Product Returns true upon searching a product that is in the store.
  #Find_Product Returns false upon searching a product that is not in the store.
  #Find_Product Returns false upon searching for an invalid product.
  #Add_Product Raises error if discount quantity but not price is entered.
  #ConvertDollarsToPennies Rounds up.
  #Non-Discounted Item - Features:
    #Add_Product Raises error if add a new item without any arguments, ie no Id.
    #Add_Product Raises error if add a new item without both Id and Price.
    #count is 1 for one element.
    #count is 2 for two elements.
    #clear Resets a populated store back to empty.
    #report Describes its contents as a string.
    #report Describes an empty store as having no elements.
  FUTURE possible work.
    Products Map Uses symbols instead of strings as hash keys. (PENDING: cf Ruby Design rules; https:\/\/github.com\/styleguide\/ruby)

Terminal/Shopping/
  Says Hello to the (Admin) user upon instantiation.
  Does Not accept a redefined $stdin nor $stdout.
  TBA
    asks for product pricelist. (PENDING: Not yet implemented)
    allows entry of product-id, price (PENDING: Not yet implemented)
    allows entry of product-id, price, qualifying quantity, and discounted price (PENDING: Not yet implemented)
    verifies item added to a cart is in the store. (PENDING: (first dependency))

Pending:
  Cart #Using the Store, Buy items - Features: #Add Raises an error if add a product that is not in the store.
    # Not yet implemented
    # ./spec/lib/cart_spec.rb:14
  Store FUTURE possible work. Products Map Uses symbols instead of strings as hash keys.
    # cf Ruby Design rules; https:\/\/github.com\/styleguide\/ruby
    # ./spec/lib/store_spec.rb:77
  Terminal/Shopping/ TBA asks for product pricelist.
    # Not yet implemented
    # ./spec/lib/terminal_spec.rb:26
  Terminal/Shopping/ TBA allows entry of product-id, price
    # Not yet implemented
    # ./spec/lib/terminal_spec.rb:28
  Terminal/Shopping/ TBA allows entry of product-id, price, qualifying quantity, and discounted price
    # Not yet implemented
    # ./spec/lib/terminal_spec.rb:30
  Terminal/Shopping/ TBA verifies item added to a cart is in the store.
    # (first dependency)
    # ./spec/lib/terminal_spec.rb:32

Finished in 0.01096 seconds
27 examples, 0 failures, 6 pending
Annes-MacBook-Pro:rmtry amoroney$

====================================================
.[]Git's output telling about line end changes; 2014-01-09Thu.15:12:14

$ git commit -m "Grn. Validation mostly done.  MVC reorg and renamed many things."
/opt/boxen/homebrew/bin/hub:2060: warning: Insecure world writable dir /Users/amoroney/src/rmtry in PATH, mode 040777
warning: CRLF will be replaced by LF in .idea/runConfigurations/Run_spec__cart_spec___rmtry.xml.
The file will have its original line endings in your working directory.
warning: CRLF will be replaced by LF in .idea/runConfigurations/Run_spec__terminal_spec___rmtry.xml.
The file will have its original line endings in your working directory.
[master f990482] Grn. Validation mostly done.  MVC reorg and renamed many things.
warning: CRLF will be replaced by LF in .idea/runConfigurations/Run_spec__cart_spec___rmtry.xml.
The file will have its original line endings in your working directory.
warning: CRLF will be replaced by LF in .idea/runConfigurations/Run_spec__terminal_spec___rmtry.xml.
The file will have its original line endings in your working directory.
 20 files changed, 707 insertions(+), 512 deletions(-)
 create mode 100644 .idea/runConfigurations/Run_spec__cart_spec___rmtry.xml
 create mode 100644 .idea/runConfigurations/Run_spec__terminal_spec___rmtry.xml
 rewrite lib/store.rb (60%)
 rewrite spec/lib/store_spec.rb (63%)
Annes-MacBook-Pro:rmtry amoroney$

====================================================
.[]Mac line endings; I thought maybe rubymine would help? No, not so, I never committed before, so yet to see.

$ git add -A
/opt/boxen/homebrew/bin/hub:2060: warning: Insecure world writable dir /Users/amoroney/src/rmtry in PATH, mode 040777
warning: CRLF will be replaced by LF in .idea/runConfigurations/Run_spec__cart_spec___rmtry.xml.
The file will have its original line endings in your working directory.
warning: CRLF will be replaced by LF in .idea/runConfigurations/Run_spec__terminal_spec___rmtry.xml.
The file will have its original line endings in your working directory.
Annes-MacBook-Pro:rmtry amoroney$ pwd
/Users/amoroney/src/rmtry

====================================================
.[]Now on the mac. 2014-01-09Thu.15:09:33@ green.

Annes-MacBook-Pro:zPrjsRubyMine amoroney$ cd /Users/amoroney/src/rmtry/
Annes-MacBook-Pro:rmtry amoroney$ pwd
/Users/amoroney/src/rmtry
Annes-MacBook-Pro:rmtry amoroney$ ls
doc	lib	spec	specFut
Annes-MacBook-Pro:rmtry amoroney$ git status/opt/boxen/homebrew/bin/hub:2060: warning: Insecure world writable dir /Users/amoroney/src/rmtry in PATH, mode 040777
# On branch master
# Changes not staged for commit:
#   (use "git add <file>..." to update what will be committed)
#   (use "git checkout -- <file>..." to discard changes in working directory)
#
#	modified:   .idea/codeStyleSettings.xml
#	modified:   .idea/misc.xml
#	modified:   .idea/rmtry.iml
#	modified:   .idea/runConfigurations/Run_spec__zRspec_spec___rmtry.xml
#	modified:   .idea/runConfigurations/Run_spec__zRuby_spec___rmtry.xml
#	modified:   .idea/runConfigurations/allRspec1.xml
#	modified:   .idea/vcs.xml
#	modified:   .idea/workspace.xml
#	modified:   lib/cart.rb
#	modified:   lib/store.rb
#	modified:   lib/terminal.rb
#	modified:   spec/lib/cart_spec.rb
#	modified:   spec/lib/store_spec.rb
#	modified:   spec/lib/terminal_spec.rb
#	modified:   specFut/db.rb
#	modified:   specFut/db_spec.rb
#	modified:   specFut/zRuby_spec.rb
#
# Untracked files:
#   (use "git add <file>..." to include in what will be committed)
#
#	.idea/runConfigurations/Run_spec__cart_spec___rmtry.xml
#	.idea/runConfigurations/Run_spec__terminal_spec___rmtry.xml
no changes added to commit (use "git add" and/or "git commit -a")
Annes-MacBook-Pro:rmtry amoroney$
Annes-MacBook-Pro:rmtry amoroney$
Annes-MacBook-Pro:rmtry amoroney$
Annes-MacBook-Pro:rmtry amoroney$ rspec --format documentation

Cart
  #Using the Store, Buy items - Features:
    #add Raises error if add a new item without any arguments, ie no Id.
    #count is 1 for one element.
    #count is 2 for two elements.
    #clear Resets a populated cart back to empty.
    #report Describes contents of one item as a string.
    #report Describes its contents of two items as a string.
    #report Describes an empty cart as having no elements.

Store
  #Add_Product Raises error if discount quantity but not price is entered.
  #ConvertDollarsToPennies Rounds up.
  #Non-Discounted Item - Features:
    #Add_Product Raises error if add a new item without any arguments, ie no Id.
    #Add_to_Cart Raises error if add a product that is not in the store. (PENDING: Not yet implemented)
    #Add_Product Raises error if add a new item without both Id and Price.
    #count is 1 for one element.
    #count is 2 for two elements.
    #clear Resets a populated store back to empty.
    #report Describes its contents as a string.
    #report Describes an empty store as having no elements.

Terminal/Shopping/
  Says Hello to the (Admin) user upon instantiation.
  Does Not accept a redefined $stdin nor $stdout.
  TBA
    asks for product pricelist. (PENDING: Not yet implemented)
    allows entry of product-id, price (PENDING: Not yet implemented)
    allows entry of product-id, price, qualifying quantity, and discounted price (PENDING: Not yet implemented)
    verifies item added to a cart is in the store. (PENDING: (first dependency))

Pending:
  Store #Non-Discounted Item - Features: #Add_to_Cart Raises error if add a product that is not in the store.
    # Not yet implemented
    # ./spec/lib/store_spec.rb:29
  Terminal/Shopping/ TBA asks for product pricelist.
    # Not yet implemented
    # ./spec/lib/terminal_spec.rb:26
  Terminal/Shopping/ TBA allows entry of product-id, price
    # Not yet implemented
    # ./spec/lib/terminal_spec.rb:28
  Terminal/Shopping/ TBA allows entry of product-id, price, qualifying quantity, and discounted price
    # Not yet implemented
    # ./spec/lib/terminal_spec.rb:30
  Terminal/Shopping/ TBA verifies item added to a cart is in the store.
    # (first dependency)
    # ./spec/lib/terminal_spec.rb:32

Finished in 0.00916 seconds
23 examples, 0 failures, 5 pending
Annes-MacBook-Pro:rmtry amoroney$
Annes-MacBook-Pro:rmtry amoroney$
==================================
1-8w 9.50p 
1.
RED. 1.BUG the if/else tests on store validation are not correct. ; 2.Now have the 3 proper MVC classes: Terminal/GUI, Store/Controller/Model1, Cart/Model2.

======================================
1-8w 7.23p; 

1.
basic CRUD minus Delete on non-special element.

amoroney@surf256pro /cygdrive/c/amsrc/rmtry
$ rspec.bat --format documentation

Cart/
  #add Raises error if add a new item without both Id and Price.
  #count is 1 for one element.
  #count is 2 for two elements.
  #report Describes its contents as a string.
  #clear Resets a populated cart back to empty.
  #report Describes an empty cart as having no elements.

Finished in 0.03125 seconds
6 examples, 0 failures

2.
reorg so that all my self-doc tests are in specFUT, thus not making overly long listings.

3.
this fixes the hash and rspec-matches issues.
==================================
.[]RubyMine-Tip; Use osx10.5+ keymap to get ctrl-a/e line start/end.

$ git log
commit a2f6b6fac749102c1367fb8e50766625f9f7dc92
Author: Anne Moroney <annemoroney@alum.mit.edu>
Date:   Sun Jan 5 01:58:56 2014 +0000

    Grn. New zRuby_specs to hold documentation/learning. Deleted cruft from 'real' files. NEXT; Pending list of Rspecs for Api is begun, not yet simple enough.

commit d314a26db7eb3785bb11e7f6a3aa9ce2bbc5af67
Author: Anne Moroney <annemoroney@alum.mit.edu>
Date:   Thu Jan 2 15:24:59 2014 -0500

    rspec small trials, green/tba. frm earlier. rmtry\terminal aka gifts. w8.

amoroney@surf256pro ~/amPrjs/rmtry
$ /cygdrive/c/Users/amoroney/amApps/lang/ruby/RailsInstaller/Ruby1.9.3/bin/rspec.bat
.****..D, [2014-01-05T01:59:32.334684 #2744] DEBUG -- : initialize=  //Logging Test.
.*..*.**..

Pending:
  Gifts/ Can to_s.
    # !!Add crud test
    # ./spec/lib/gifts_spec.rb:11
  Terminal/Shopping/ #Startup-initialization asks for product pricelist.
    # Not yet implemented
    # ./spec/lib/terminal_spec.rb:8
  Terminal/Shopping/ #Startup-initialization allows entry of product-id, price
    # Not yet implemented
    # ./spec/lib/terminal_spec.rb:10
  Terminal/Shopping/ #Startup-initialization allows entry of product-id, price, qualifying quantity, and discounted price
    # Not yet implemented
    # ./spec/lib/terminal_spec.rb:12
  zRuby/Logging-Tips/ Is testable by capturing sysout.
    # IDK how to use the let(:outs) statement.
    # ./spec/lib/zRuby_spec.rb:31
  zRuby/Error-Handling-Tips/ Throws NotImplementedError when...??
    # Not yet implemented
    # ./spec/lib/zRuby_spec.rb:48
  zRuby/Rspec-Tips Will not run any "it" test that is changed to "xit".
    # Temporarily disabled with xit
    # ./spec/lib/zRuby_spec.rb:56
  zRuby/Rspec-Tips Will not run and will explain the cause for delay with the the given pending clause's text.
    # Not implementing this to make an example.
    # ./spec/lib/zRuby_spec.rb:58

Finished in 0.01563 seconds
17 examples, 0 failures, 8 pending

amoroney@surf256pro ~/amPrjs/rmtry
$
===============================================
.[]fyi, win rspec inside rails in cli


amoroney@surf256pro ~/amPrjs/rmtry
$ which rspec
/cygdrive/c/Users/amoroney/amApps/lang/ruby/RailsInstaller/Ruby1.9.3/bin/rspec

amoroney@surf256pro ~/amPrjs/rmtry
$ cat /cygdrive/c/Users/amoroney/amApps/lang/ruby/RailsInstaller/Ruby1.9.3/bin/rspec
#!C:/Users/amoroney/amApps/lang/ruby/RailsInstaller/Ruby1.9.3/bin/ruby.exe
#
# This file was generated by RubyGems.
#
# The application 'rspec-core' is installed as part of a gem, and
# this file is here to facilitate running it.
#

require 'rubygems'

version = ">= 0"

if ARGV.first
  str = ARGV.first
  str = str.dup.force_encoding("BINARY") if str.respond_to? :force_encoding
  if str =~ /\A_(.*)_\z/
    version = $1
    ARGV.shift
  end
end

gem 'rspec-core', version
load Gem.bin_path('rspec-core', 'rspec', version)

amoroney@surf256pro ~/amPrjs/rmtry
$

amoroney@surf256pro ~/amPrjs/rmtry
$ cat /cygdrive/c/Users/amoroney/amApps/lang/ruby/RailsInstaller/Ruby1.9.3/bin/rspec.bat
@ECHO OFF
IF NOT "%~f0" == "~f0" GOTO :WinNT
@"ruby.exe" "C:/Users/amoroney/amApps/lang/ruby/RailsInstaller/Ruby1.9.3/bin/rspec" %1 %2 %3 %4 %5 %6 %7 %8 %9
GOTO :EOF
:WinNT
@"ruby.exe" "%~dpn0" %*

amoroney@surf256pro ~/amPrjs/rmtry
$

============================================
.[]todo run rspec partially in cygwin, as opposed to; 
$ rspec.bat   --format doc
which works but of course runs all of them. 
