C:\amsrc\rmtry\doc\status.txt

==================================
1-8w 9.50p 
1.
RED. 1.BUG the if/else tests on store validation are not correct. ; 2.Now have the 3 proper MVC classes: Terminal/GUI, Store/Controller/Model1, Cart/Model2.

======================================
1-8w 7.23p; 

1.
basic CRUD minus Delete on non-special element.

amoroney@surf256pro /cygdrive/c/amsrc/rmtry
$ rspec.bat --format documentation

Cart/
  #add Raises error if add a new item without both Id and Price.
  #count is 1 for one element.
  #count is 2 for two elements.
  #report Describes its contents as a string.
  #clear Resets a populated cart back to empty.
  #report Describes an empty cart as having no elements.

Finished in 0.03125 seconds
6 examples, 0 failures

2.
reorg so that all my self-doc tests are in specFUT, thus not making overly long listings.

3.
this fixes the hash and rspec-matches issues.
==================================
.[]RubyMine-Tip; Use osx10.5+ keymap to get ctrl-a/e line start/end.

$ git log
commit a2f6b6fac749102c1367fb8e50766625f9f7dc92
Author: Anne Moroney <annemoroney@alum.mit.edu>
Date:   Sun Jan 5 01:58:56 2014 +0000

    Grn. New zRuby_specs to hold documentation/learning. Deleted cruft from 'real' files. NEXT; Pending list of Rspecs for Api is begun, not yet simple enough.

commit d314a26db7eb3785bb11e7f6a3aa9ce2bbc5af67
Author: Anne Moroney <annemoroney@alum.mit.edu>
Date:   Thu Jan 2 15:24:59 2014 -0500

    rspec small trials, green/tba. frm earlier. rmtry\terminal aka gifts. w8.

amoroney@surf256pro ~/amPrjs/rmtry
$ /cygdrive/c/Users/amoroney/amApps/lang/ruby/RailsInstaller/Ruby1.9.3/bin/rspec.bat
.****..D, [2014-01-05T01:59:32.334684 #2744] DEBUG -- : initialize=  //Logging Test.
.*..*.**..

Pending:
  Gifts/ Can to_s.
    # !!Add crud test
    # ./spec/lib/gifts_spec.rb:11
  Terminal/Shopping/ #Startup-initialization asks for product pricelist.
    # Not yet implemented
    # ./spec/lib/terminal_spec.rb:8
  Terminal/Shopping/ #Startup-initialization allows entry of product-id, price
    # Not yet implemented
    # ./spec/lib/terminal_spec.rb:10
  Terminal/Shopping/ #Startup-initialization allows entry of product-id, price, qualifying quantity, and discounted price
    # Not yet implemented
    # ./spec/lib/terminal_spec.rb:12
  zRuby/Logging-Tips/ Is testable by capturing sysout.
    # IDK how to use the let(:outs) statement.
    # ./spec/lib/zRuby_spec.rb:31
  zRuby/Error-Handling-Tips/ Throws NotImplementedError when...??
    # Not yet implemented
    # ./spec/lib/zRuby_spec.rb:48
  zRuby/Rspec-Tips Will not run any "it" test that is changed to "xit".
    # Temporarily disabled with xit
    # ./spec/lib/zRuby_spec.rb:56
  zRuby/Rspec-Tips Will not run and will explain the cause for delay with the the given pending clause's text.
    # Not implementing this to make an example.
    # ./spec/lib/zRuby_spec.rb:58

Finished in 0.01563 seconds
17 examples, 0 failures, 8 pending

amoroney@surf256pro ~/amPrjs/rmtry
$
===============================================
.[]fyi, win rspec inside rails in cli


amoroney@surf256pro ~/amPrjs/rmtry
$ which rspec
/cygdrive/c/Users/amoroney/amApps/lang/ruby/RailsInstaller/Ruby1.9.3/bin/rspec

amoroney@surf256pro ~/amPrjs/rmtry
$ cat /cygdrive/c/Users/amoroney/amApps/lang/ruby/RailsInstaller/Ruby1.9.3/bin/rspec
#!C:/Users/amoroney/amApps/lang/ruby/RailsInstaller/Ruby1.9.3/bin/ruby.exe
#
# This file was generated by RubyGems.
#
# The application 'rspec-core' is installed as part of a gem, and
# this file is here to facilitate running it.
#

require 'rubygems'

version = ">= 0"

if ARGV.first
  str = ARGV.first
  str = str.dup.force_encoding("BINARY") if str.respond_to? :force_encoding
  if str =~ /\A_(.*)_\z/
    version = $1
    ARGV.shift
  end
end

gem 'rspec-core', version
load Gem.bin_path('rspec-core', 'rspec', version)

amoroney@surf256pro ~/amPrjs/rmtry
$

amoroney@surf256pro ~/amPrjs/rmtry
$ cat /cygdrive/c/Users/amoroney/amApps/lang/ruby/RailsInstaller/Ruby1.9.3/bin/rspec.bat
@ECHO OFF
IF NOT "%~f0" == "~f0" GOTO :WinNT
@"ruby.exe" "C:/Users/amoroney/amApps/lang/ruby/RailsInstaller/Ruby1.9.3/bin/rspec" %1 %2 %3 %4 %5 %6 %7 %8 %9
GOTO :EOF
:WinNT
@"ruby.exe" "%~dpn0" %*

amoroney@surf256pro ~/amPrjs/rmtry
$

============================================
.[]todo run rspec partially in cygwin, as opposed to; 
$ rspec.bat   --format doc
which works but of course runs all of them. 
